// Jest Snapshot v1, https://goo.gl/fbAQLP

exports[`Header Component should match snapshot 1`] = `
ShallowWrapper {
  Symbol(enzyme.__root__): [Circular],
  Symbol(enzyme.__unrendered__): <Header />,
  Symbol(enzyme.__renderer__): Object {
    "batchedUpdates": [Function],
    "checkPropTypes": [Function],
    "getNode": [Function],
    "render": [Function],
    "simulateError": [Function],
    "simulateEvent": [Function],
    "unmount": [Function],
  },
  Symbol(enzyme.__node__): Object {
    "instance": null,
    "key": undefined,
    "nodeType": "host",
    "props": Object {
      "children": <div
        className="hero-body"
      >
        <div
          className="container"
        >
          <h1
            className="title"
          >
            <Link
              replace={false}
              to="/"
            >
              Minimalist Tube
            </Link>
          </h1>
          <h2
            className="subtitle"
          >
            YouTube without distractions
          </h2>
        </div>
      </div>,
      "className": "hero is-dark",
    },
    "ref": null,
    "rendered": Object {
      "instance": null,
      "key": undefined,
      "nodeType": "host",
      "props": Object {
        "children": <div
          className="container"
        >
          <h1
            className="title"
          >
            <Link
              replace={false}
              to="/"
            >
              Minimalist Tube
            </Link>
          </h1>
          <h2
            className="subtitle"
          >
            YouTube without distractions
          </h2>
        </div>,
        "className": "hero-body",
      },
      "ref": null,
      "rendered": Object {
        "instance": null,
        "key": undefined,
        "nodeType": "host",
        "props": Object {
          "children": Array [
            <h1
              className="title"
            >
              <Link
                replace={false}
                to="/"
              >
                Minimalist Tube
              </Link>
            </h1>,
            <h2
              className="subtitle"
            >
              YouTube without distractions
            </h2>,
          ],
          "className": "container",
        },
        "ref": null,
        "rendered": Array [
          Object {
            "instance": null,
            "key": undefined,
            "nodeType": "host",
            "props": Object {
              "children": <Link
                replace={false}
                to="/"
              >
                Minimalist Tube
              </Link>,
              "className": "title",
            },
            "ref": null,
            "rendered": Object {
              "instance": null,
              "key": undefined,
              "nodeType": "class",
              "props": Object {
                "children": "Minimalist Tube",
                "replace": false,
                "to": "/",
              },
              "ref": null,
              "rendered": "Minimalist Tube",
              "type": [Function],
            },
            "type": "h1",
          },
          Object {
            "instance": null,
            "key": undefined,
            "nodeType": "host",
            "props": Object {
              "children": "YouTube without distractions",
              "className": "subtitle",
            },
            "ref": null,
            "rendered": "YouTube without distractions",
            "type": "h2",
          },
        ],
        "type": "div",
      },
      "type": "div",
    },
    "type": "section",
  },
  Symbol(enzyme.__nodes__): Array [
    Object {
      "instance": null,
      "key": undefined,
      "nodeType": "host",
      "props": Object {
        "children": <div
          className="hero-body"
        >
          <div
            className="container"
          >
            <h1
              className="title"
            >
              <Link
                replace={false}
                to="/"
              >
                Minimalist Tube
              </Link>
            </h1>
            <h2
              className="subtitle"
            >
              YouTube without distractions
            </h2>
          </div>
        </div>,
        "className": "hero is-dark",
      },
      "ref": null,
      "rendered": Object {
        "instance": null,
        "key": undefined,
        "nodeType": "host",
        "props": Object {
          "children": <div
            className="container"
          >
            <h1
              className="title"
            >
              <Link
                replace={false}
                to="/"
              >
                Minimalist Tube
              </Link>
            </h1>
            <h2
              className="subtitle"
            >
              YouTube without distractions
            </h2>
          </div>,
          "className": "hero-body",
        },
        "ref": null,
        "rendered": Object {
          "instance": null,
          "key": undefined,
          "nodeType": "host",
          "props": Object {
            "children": Array [
              <h1
                className="title"
              >
                <Link
                  replace={false}
                  to="/"
                >
                  Minimalist Tube
                </Link>
              </h1>,
              <h2
                className="subtitle"
              >
                YouTube without distractions
              </h2>,
            ],
            "className": "container",
          },
          "ref": null,
          "rendered": Array [
            Object {
              "instance": null,
              "key": undefined,
              "nodeType": "host",
              "props": Object {
                "children": <Link
                  replace={false}
                  to="/"
                >
                  Minimalist Tube
                </Link>,
                "className": "title",
              },
              "ref": null,
              "rendered": Object {
                "instance": null,
                "key": undefined,
                "nodeType": "class",
                "props": Object {
                  "children": "Minimalist Tube",
                  "replace": false,
                  "to": "/",
                },
                "ref": null,
                "rendered": "Minimalist Tube",
                "type": [Function],
              },
              "type": "h1",
            },
            Object {
              "instance": null,
              "key": undefined,
              "nodeType": "host",
              "props": Object {
                "children": "YouTube without distractions",
                "className": "subtitle",
              },
              "ref": null,
              "rendered": "YouTube without distractions",
              "type": "h2",
            },
          ],
          "type": "div",
        },
        "type": "div",
      },
      "type": "section",
    },
  ],
  Symbol(enzyme.__options__): Object {
    "adapter": ReactSixteenAdapter {
      "options": Object {
        "enableComponentDidUpdateOnSetState": true,
        "legacyContextMode": "parent",
        "lifecycles": Object {
          "componentDidUpdate": Object {
            "onSetState": true,
          },
          "getChildContext": Object {
            "calledByRenderer": false,
          },
          "getDerivedStateFromProps": true,
          "getSnapshotBeforeUpdate": true,
          "setState": Object {
            "skipsComponentDidUpdateOnNullish": true,
          },
        },
      },
    },
  },
}
`;
